#
# This file is autogenerated by pip-compile
# To update, run:
#
#    pip-compile -o tests/files/py3.6/boto3.txt -v tests/files/boto3.in
#
boto3==1.9.123
botocore==1.12.124
docutils==0.14
jmespath==0.9.4
python-dateutil==2.8.0
s3transfer==0.2.0
six==1.12.0
urllib3==1.24.1
